components/Description/animation.ts(7,12): error TS7006: Parameter 'i' implicitly has an 'any' type.
components/Header/animation.ts(11,12): error TS7006: Parameter 'i' implicitly has an 'any' type.
components/Header/animation.ts(12,11): error TS7006: Parameter 'i' implicitly has an 'any' type.
components/Header/index.tsx(33,112): error TS2554: Expected 2 arguments, but got 3.
components/Header/nav/Curve/index.tsx(28,22): error TS2322: Type '{ initial: { d: string; }; enter: { d: string; transition: { duration: number; ease: number[]; }; }; exit: { d: string; transition: { duration: number; ease: number[]; }; }; }' is not assignable to type 'Variants'.
  Property 'enter' is incompatible with index signature.
    Type '{ d: string; transition: { duration: number; ease: number[]; }; }' is not assignable to type 'Variant'.
      Type '{ d: string; transition: { duration: number; ease: number[]; }; }' is not assignable to type 'TargetAndTransition'.
        Type '{ d: string; transition: { duration: number; ease: number[]; }; }' is not assignable to type '{ transition?: Transition<any> | undefined; transitionEnd?: ResolvedValues$1 | undefined; }'.
          Types of property 'transition' are incompatible.
            Type '{ duration: number; ease: number[]; }' is not assignable to type 'Transition<any> | undefined'.
              Type '{ duration: number; ease: number[]; }' is not assignable to type 'TransitionWithValueOverrides<any>'.
                Type '{ duration: number; ease: number[]; }' is not assignable to type 'ValueAnimationTransition<any>'.
                  Types of property 'ease' are incompatible.
                    Type 'number[]' is not assignable to type 'Easing | Easing[] | undefined'.
                      Type 'number[]' is not assignable to type 'EasingFunction | Easing[]'.
                        Type 'number[]' is not assignable to type 'Easing[]'.
                          Type 'number' is not assignable to type 'Easing'.
components/Header/nav/index.tsx(38,7): error TS2322: Type '{ initial: { x: string; }; enter: { x: string; transition: { duration: number; ease: number[]; }; }; exit: { x: string; transition: { duration: number; ease: number[]; }; }; }' is not assignable to type 'Variants'.
  Property 'enter' is incompatible with index signature.
    Type '{ x: string; transition: { duration: number; ease: number[]; }; }' is not assignable to type 'Variant'.
      Type '{ x: string; transition: { duration: number; ease: number[]; }; }' is not assignable to type 'TargetAndTransition'.
        Type '{ x: string; transition: { duration: number; ease: number[]; }; }' is not assignable to type '{ transition?: Transition<any> | undefined; transitionEnd?: ResolvedValues$1 | undefined; }'.
          Types of property 'transition' are incompatible.
            Type '{ duration: number; ease: number[]; }' is not assignable to type 'Transition<any> | undefined'.
              Type '{ duration: number; ease: number[]; }' is not assignable to type 'TransitionWithValueOverrides<any>'.
                Type '{ duration: number; ease: number[]; }' is not assignable to type 'ValueAnimationTransition<any>'.
                  Types of property 'ease' are incompatible.
                    Type 'number[]' is not assignable to type 'Easing | Easing[] | undefined'.
                      Type 'number[]' is not assignable to type 'EasingFunction | Easing[]'.
                        Type 'number[]' is not assignable to type 'Easing[]'.
                          Type 'number' is not assignable to type 'Easing'.
components/Header/nav/Link/index.tsx(8,32): error TS7031: Binding element 'data' implicitly has an 'any' type.
components/Header/nav/Link/index.tsx(8,38): error TS7031: Binding element 'isActive' implicitly has an 'any' type.
components/Header/nav/Link/index.tsx(8,48): error TS7031: Binding element 'setSelectedIndicator' implicitly has an 'any' type.
components/Header/nav/Link/index.tsx(17,9): error TS2322: Type '{ initial: { x: number; }; enter: (i: any) => { x: number; transition: { duration: number; ease: number[]; delay: number; }; }; exit: (i: any) => { x: number; transition: { duration: number; ease: number[]; delay: number; }; }; }' is not assignable to type 'Variants'.
  Property 'enter' is incompatible with index signature.
    Type '(i: any) => { x: number; transition: { duration: number; ease: number[]; delay: number; }; }' is not assignable to type 'Variant'.
      Type '(i: any) => { x: number; transition: { duration: number; ease: number[]; delay: number; }; }' is not assignable to type 'TargetResolver'.
        Type '{ x: number; transition: { duration: number; ease: number[]; delay: number; }; }' is not assignable to type 'string | TargetAndTransition'.
          Type '{ x: number; transition: { duration: number; ease: number[]; delay: number; }; }' is not assignable to type 'TargetAndTransition'.
            Type '{ x: number; transition: { duration: number; ease: number[]; delay: number; }; }' is not assignable to type '{ transition?: Transition<any> | undefined; transitionEnd?: ResolvedValues$1 | undefined; }'.
              Types of property 'transition' are incompatible.
                Type '{ duration: number; ease: number[]; delay: number; }' is not assignable to type 'Transition<any> | undefined'.
                  Type '{ duration: number; ease: number[]; delay: number; }' is not assignable to type 'TransitionWithValueOverrides<any>'.
                    Type '{ duration: number; ease: number[]; delay: number; }' is not assignable to type 'ValueAnimationTransition<any>'.
                      Types of property 'ease' are incompatible.
                        Type 'number[]' is not assignable to type 'Easing | Easing[] | undefined'.
                          Type 'number[]' is not assignable to type 'EasingFunction | Easing[]'.
                            Type 'number[]' is not assignable to type 'Easing[]'.
                              Type 'number' is not assignable to type 'Easing'.
components/Landing/index.tsx(47,18): error TS2322: Type '{ initial: { y: number; }; enter: { y: number; transition: { duration: number; ease: number[]; delay: number; }; }; }' is not assignable to type 'Variants'.
  Property 'enter' is incompatible with index signature.
    Type '{ y: number; transition: { duration: number; ease: number[]; delay: number; }; }' is not assignable to type 'Variant'.
      Type '{ y: number; transition: { duration: number; ease: number[]; delay: number; }; }' is not assignable to type 'TargetAndTransition'.
        Type '{ y: number; transition: { duration: number; ease: number[]; delay: number; }; }' is not assignable to type '{ transition?: Transition<any> | undefined; transitionEnd?: ResolvedValues$1 | undefined; }'.
          Types of property 'transition' are incompatible.
            Type '{ duration: number; ease: number[]; delay: number; }' is not assignable to type 'Transition<any> | undefined'.
              Type '{ duration: number; ease: number[]; delay: number; }' is not assignable to type 'TransitionWithValueOverrides<any>'.
                Type '{ duration: number; ease: number[]; delay: number; }' is not assignable to type 'ValueAnimationTransition<any>'.
                  Types of property 'ease' are incompatible.
                    Type 'number[]' is not assignable to type 'Easing | Easing[] | undefined'.
                      Type 'number[]' is not assignable to type 'EasingFunction | Easing[]'.
                        Type 'number[]' is not assignable to type 'Easing[]'.
                          Type 'number' is not assignable to type 'Easing'.
components/Preloader/index.tsx(39,21): error TS2322: Type '{ initial: { top: number; }; exit: { top: string; transition: { duration: number; ease: number[]; delay: number; }; }; }' is not assignable to type 'Variants'.
  Property 'exit' is incompatible with index signature.
    Type '{ top: string; transition: { duration: number; ease: number[]; delay: number; }; }' is not assignable to type 'Variant'.
      Type '{ top: string; transition: { duration: number; ease: number[]; delay: number; }; }' is not assignable to type 'TargetAndTransition'.
        Type '{ top: string; transition: { duration: number; ease: number[]; delay: number; }; }' is not assignable to type '{ transition?: Transition<any> | undefined; transitionEnd?: ResolvedValues$1 | undefined; }'.
          Types of property 'transition' are incompatible.
            Type '{ duration: number; ease: number[]; delay: number; }' is not assignable to type 'Transition<any> | undefined'.
              Type '{ duration: number; ease: number[]; delay: number; }' is not assignable to type 'TransitionWithValueOverrides<any>'.
                Type '{ duration: number; ease: number[]; delay: number; }' is not assignable to type 'ValueAnimationTransition<any>'.
                  Types of property 'ease' are incompatible.
                    Type 'number[]' is not assignable to type 'Easing | Easing[] | undefined'.
                      Type 'number[]' is not assignable to type 'EasingFunction | Easing[]'.
                        Type 'number[]' is not assignable to type 'Easing[]'.
                          Type 'number' is not assignable to type 'Easing'.
components/Preloader/index.tsx(44,34): error TS2322: Type '{ initial: { d: string; transition: { duration: number; ease: number[]; }; }; exit: { d: string; transition: { duration: number; ease: number[]; delay: number; }; }; }' is not assignable to type 'Variants'.
  Property 'initial' is incompatible with index signature.
    Type '{ d: string; transition: { duration: number; ease: number[]; }; }' is not assignable to type 'Variant'.
      Type '{ d: string; transition: { duration: number; ease: number[]; }; }' is not assignable to type 'TargetAndTransition'.
        Type '{ d: string; transition: { duration: number; ease: number[]; }; }' is not assignable to type '{ transition?: Transition<any> | undefined; transitionEnd?: ResolvedValues$1 | undefined; }'.
          Types of property 'transition' are incompatible.
            Type '{ duration: number; ease: number[]; }' is not assignable to type 'Transition<any> | undefined'.
              Type '{ duration: number; ease: number[]; }' is not assignable to type 'TransitionWithValueOverrides<any>'.
                Type '{ duration: number; ease: number[]; }' is not assignable to type 'ValueAnimationTransition<any>'.
                  Types of property 'ease' are incompatible.
                    Type 'number[]' is not assignable to type 'Easing | Easing[] | undefined'.
                      Type 'number[]' is not assignable to type 'EasingFunction | Easing[]'.
                        Type 'number[]' is not assignable to type 'Easing[]'.
                          Type 'number' is not assignable to type 'Easing'.
components/Projects/components/project/index.tsx(5,32): error TS7031: Binding element 'index' implicitly has an 'any' type.
components/Projects/components/project/index.tsx(5,39): error TS7031: Binding element 'title' implicitly has an 'any' type.
components/Projects/components/project/index.tsx(5,46): error TS7031: Binding element 'manageModal' implicitly has an 'any' type.
components/Projects/index.tsx(56,5): error TS2322: Type 'QuickToFunc' is not assignable to type 'null'.
components/Projects/index.tsx(57,5): error TS2322: Type 'QuickToFunc' is not assignable to type 'null'.
components/Projects/index.tsx(59,5): error TS2322: Type 'QuickToFunc' is not assignable to type 'null'.
components/Projects/index.tsx(60,5): error TS2322: Type 'QuickToFunc' is not assignable to type 'null'.
components/Projects/index.tsx(62,5): error TS2322: Type 'QuickToFunc' is not assignable to type 'null'.
components/Projects/index.tsx(63,5): error TS2322: Type 'QuickToFunc' is not assignable to type 'null'.
components/Projects/index.tsx(66,22): error TS7006: Parameter 'x' implicitly has an 'any' type.
components/Projects/index.tsx(66,25): error TS7006: Parameter 'y' implicitly has an 'any' type.
components/Projects/index.tsx(67,5): error TS2721: Cannot invoke an object which is possibly 'null'.
components/Projects/index.tsx(68,5): error TS2721: Cannot invoke an object which is possibly 'null'.
components/Projects/index.tsx(69,5): error TS2721: Cannot invoke an object which is possibly 'null'.
components/Projects/index.tsx(70,5): error TS2721: Cannot invoke an object which is possibly 'null'.
components/Projects/index.tsx(71,5): error TS2721: Cannot invoke an object which is possibly 'null'.
components/Projects/index.tsx(72,5): error TS2721: Cannot invoke an object which is possibly 'null'.
components/Projects/index.tsx(74,24): error TS7006: Parameter 'active' implicitly has an 'any' type.
components/Projects/index.tsx(74,32): error TS7006: Parameter 'index' implicitly has an 'any' type.
components/Projects/index.tsx(74,39): error TS7006: Parameter 'x' implicitly has an 'any' type.
components/Projects/index.tsx(74,42): error TS7006: Parameter 'y' implicitly has an 'any' type.
components/Projects/index.tsx(92,42): error TS2322: Type '{ initial: { scale: number; x: string; y: string; }; enter: { scale: number; x: string; y: string; transition: { duration: number; ease: number[]; }; }; closed: { scale: number; x: string; y: string; transition: { duration: number; ease: number[]; }; }; }' is not assignable to type 'Variants'.
  Property 'enter' is incompatible with index signature.
    Type '{ scale: number; x: string; y: string; transition: { duration: number; ease: number[]; }; }' is not assignable to type 'Variant'.
      Type '{ scale: number; x: string; y: string; transition: { duration: number; ease: number[]; }; }' is not assignable to type 'TargetAndTransition'.
        Type '{ scale: number; x: string; y: string; transition: { duration: number; ease: number[]; }; }' is not assignable to type '{ transition?: Transition<any> | undefined; transitionEnd?: ResolvedValues$1 | undefined; }'.
          Types of property 'transition' are incompatible.
            Type '{ duration: number; ease: number[]; }' is not assignable to type 'Transition<any> | undefined'.
              Type '{ duration: number; ease: number[]; }' is not assignable to type 'TransitionWithValueOverrides<any>'.
                Type '{ duration: number; ease: number[]; }' is not assignable to type 'ValueAnimationTransition<any>'.
                  Types of property 'ease' are incompatible.
                    Type 'number[]' is not assignable to type 'Easing | Easing[] | undefined'.
                      Type 'number[]' is not assignable to type 'EasingFunction | Easing[]'.
                        Type 'number[]' is not assignable to type 'Easing[]'.
                          Type 'number' is not assignable to type 'Easing'.
components/Projects/index.tsx(109,60): error TS2322: Type '{ initial: { scale: number; x: string; y: string; }; enter: { scale: number; x: string; y: string; transition: { duration: number; ease: number[]; }; }; closed: { scale: number; x: string; y: string; transition: { duration: number; ease: number[]; }; }; }' is not assignable to type 'Variants'.
  Property 'enter' is incompatible with index signature.
    Type '{ scale: number; x: string; y: string; transition: { duration: number; ease: number[]; }; }' is not assignable to type 'Variant'.
      Type '{ scale: number; x: string; y: string; transition: { duration: number; ease: number[]; }; }' is not assignable to type 'TargetAndTransition'.
        Type '{ scale: number; x: string; y: string; transition: { duration: number; ease: number[]; }; }' is not assignable to type '{ transition?: Transition<any> | undefined; transitionEnd?: ResolvedValues$1 | undefined; }'.
          Types of property 'transition' are incompatible.
            Type '{ duration: number; ease: number[]; }' is not assignable to type 'Transition<any> | undefined'.
              Type '{ duration: number; ease: number[]; }' is not assignable to type 'TransitionWithValueOverrides<any>'.
                Type '{ duration: number; ease: number[]; }' is not assignable to type 'ValueAnimationTransition<any>'.
                  Types of property 'ease' are incompatible.
                    Type 'number[]' is not assignable to type 'Easing | Easing[] | undefined'.
                      Type 'number[]' is not assignable to type 'EasingFunction | Easing[]'.
                        Type 'number[]' is not assignable to type 'Easing[]'.
                          Type 'number' is not assignable to type 'Easing'.
components/Projects/index.tsx(110,70): error TS2322: Type '{ initial: { scale: number; x: string; y: string; }; enter: { scale: number; x: string; y: string; transition: { duration: number; ease: number[]; }; }; closed: { scale: number; x: string; y: string; transition: { duration: number; ease: number[]; }; }; }' is not assignable to type 'Variants'.
  Property 'enter' is incompatible with index signature.
    Type '{ scale: number; x: string; y: string; transition: { duration: number; ease: number[]; }; }' is not assignable to type 'Variant'.
      Type '{ scale: number; x: string; y: string; transition: { duration: number; ease: number[]; }; }' is not assignable to type 'TargetAndTransition'.
        Type '{ scale: number; x: string; y: string; transition: { duration: number; ease: number[]; }; }' is not assignable to type '{ transition?: Transition<any> | undefined; transitionEnd?: ResolvedValues$1 | undefined; }'.
          Types of property 'transition' are incompatible.
            Type '{ duration: number; ease: number[]; }' is not assignable to type 'Transition<any> | undefined'.
              Type '{ duration: number; ease: number[]; }' is not assignable to type 'TransitionWithValueOverrides<any>'.
                Type '{ duration: number; ease: number[]; }' is not assignable to type 'ValueAnimationTransition<any>'.
                  Types of property 'ease' are incompatible.
                    Type 'number[]' is not assignable to type 'Easing | Easing[] | undefined'.
                      Type 'number[]' is not assignable to type 'EasingFunction | Easing[]'.
                        Type 'number[]' is not assignable to type 'Easing[]'.
                          Type 'number' is not assignable to type 'Easing'.
